
Coletando dados...

============================================================
DADOS COLETADOS:
============================================================
{
  "cpu": {
    "temp": 67.5,
    "voltage": 1.3312499523162842,
    "load": 71.87430572509766,
    "power": 60.50807571411133,
    "clock": 3950.028076171875
  },
  "gpu": {
    "temp": 65.0,
    "load": 62.0,
    "voltage": 1.0049999952316284,
    "clock_core": 3189.0,
    "clock_mem": 2502.0,
    "power": 0,
    "fan": 893.0
  },
  "mobo": {
    "temp": 51.0,
    "voltage_12v": 0,
    "voltage_5v": 0,
    "voltage_3v": 0
  },
  "ram": {
    "load": 90.26812744140625,
    "used_gb": 14.365470886230469,
    "available_gb": 1.5487518310546875
  },
  "storage": [
    {
      "name": "WDC WDS480G2G0C-00AJM0",
      "temp": 49.0,
      "health": 8.0
    },
    {
      "name": "ST1000DM010-2EP102",
      "temp": 33.0,
      "health": 0
    }
  ],
  "fans": [
    {
      "name": "Fan #2",
      "rpm": 2647.058837890625
    },
    {
      "name": "Fan #3",
      "rpm": 5720.3388671875
    }
  ]
}

============================================================
RESUMO:
============================================================
CPU Temp: 67.5°C
CPU Voltage: 1.3312499523162842V
CPU Power: 60.50807571411133W
CPU Clock: 3950.028076171875MHz

GPU Temp: 65.0°C
GPU Load: 62.0%
GPU Voltage: 1.0049999952316284V
GPU Clock Core: 3189.0MHz
GPU Power: 0W
GPU Fan: 893.0RPM

MOBO Temp: 51.0°C
MOBO +12V: 0V
MOBO +5V: 0V
MOBO +3.3V: 0V

Storage: 2 disco(s) detectado(s)
  - WDC WDS480G2G0C-00AJM0: Temp=49.0°C, Health=8.0%
  - ST1000DM010-2EP102: Temp=33.0°C, Health=0%

Fans: 2 ventoinhas detectadas
  - Fan #2: 2647.058837890625RPM
  - Fan #3: 5720.3388671875RPM